$ /usr/local/cuda/bin/nsys profile --trace=cuda,nvtx --sample=none --cpuctxsw=none --force-overwrite=true --output /output/raw/nsys-timeline /usr/bin/python3 /work/profile_worker.py --execute-route --request /work/request.json --output /output --summary-out /output/raw/nsys-route-summary.json
--- rc=0
--- stdout
{"status": "route-executed", "iterations": 20}
Collecting data...
Generating '/tmp/nsys-report-df10.qdstrm'
[1/1] [0%                          ] nsys-timeline.nsys-rep[1/1] [0%                          ] nsys-timeline.nsys-rep[1/1] [====================84%     ] nsys-timeline.nsys-rep[1/1] [========================100%] nsys-timeline.nsys-rep[1/1] [========================100%] nsys-timeline.nsys-rep
Generated:
	/output/raw/nsys-timeline.nsys-rep

--- stderr
In file included from /usr/include/python3.14/pyconfig.h:6,
                 from /usr/include/python3.14/Python.h:14,
                 from /tmp/tmpmfwg1zg3/cuda_utils.c:9:
/usr/include/python3.14/pyconfig-64.h:2031:9: warning: ‘_POSIX_C_SOURCE’ redefined
 2031 | #define _POSIX_C_SOURCE 200809L
      |         ^~~~~~~~~~~~~~~
In file included from /usr/include/bits/libc-header-start.h:33,
                 from /usr/include/stdlib.h:26,
                 from /opt/python-site-2/triton/backends/nvidia/include/cuda.h:56,
                 from /tmp/tmpmfwg1zg3/cuda_utils.c:1:
/usr/include/features.h:319:10: note: this is the location of the previous definition
  319 | # define _POSIX_C_SOURCE        202405L
      |          ^~~~~~~~~~~~~~~

