In file included from /usr/include/python3.14/pyconfig.h:6,
                 from /usr/include/python3.14/Python.h:14,
                 from /tmp/tmpxqpq4rt4/cuda_utils.c:9:
/usr/include/python3.14/pyconfig-64.h:2031:9: warning: ‘_POSIX_C_SOURCE’ redefined
 2031 | #define _POSIX_C_SOURCE 200809L
      |         ^~~~~~~~~~~~~~~
In file included from /usr/include/bits/libc-header-start.h:33,
                 from /usr/include/stdlib.h:26,
                 from /opt/python-site-2/triton/backends/nvidia/include/cuda.h:56,
                 from /tmp/tmpxqpq4rt4/cuda_utils.c:1:
/usr/include/features.h:319:10: note: this is the location of the previous definition
  319 | # define _POSIX_C_SOURCE        202405L
      |          ^~~~~~~~~~~~~~~
Traceback (most recent call last):
  File "/sandbox/Project/tools/shape14_eval.py", line 781, in <module>
    raise SystemExit(main())
                     ~~~~^^
  File "/sandbox/Project/tools/shape14_eval.py", line 777, in main
    return cmd_decomp_check(args)
  File "/sandbox/Project/tools/shape14_eval.py", line 702, in cmd_decomp_check
    slice_candidate(
    ~~~~~~~~~~~~~~~^
        x[index:index + 1], valid_mask[index:index + 1]
        ^^^^^^^^^^^^^^^^^^^^^^^^^^^^^^^^^^^^^^^^^^^^^^^
    )
    ^
  File "/opt/python-site-2/torch/nn/modules/module.py", line 1778, in _wrapped_call_impl
    return self._call_impl(*args, **kwargs)
           ~~~~~~~~~~~~~~~^^^^^^^^^^^^^^^^^
  File "/opt/python-site-2/torch/nn/modules/module.py", line 1789, in _call_impl
    return forward_call(*args, **kwargs)
  File "/sandbox/Project/submission/torch_transformer_benchmark_submission.py", line 1435, in forward
    raise RuntimeError(
    ...<2 lines>...
    )
RuntimeError: CUDA graph replay input metadata changed: exact shape, dtype, device, stride, storage offset, and layout must match capture
